<html>
<head>
	<title>SSI Exec</title>
</head>

<body>
ls: cannot access invalidFolder: No such file or directory

</body>
</html>
