<html>
<head>
	<title>SSI Include</title>
</head>

<body>


</body>
</html>
