<html>
<head>
	<title>SSI Multiple Directives</title>
</head>

<body>
	<b><i>Test</b></i>
<br />
This is a test ....
	<!--# invalidDirective file="included.html"-->
	Random text
	execCmd.shtml
execCmd.shtml.expected

	 
	<b><i>Test</b></i>
<br />
This is a test ....
</body>
</html>
